[   13755ms] [INFO] %cDownload the React DevTools for a better development experience: https://react.dev/link/react-devtools font-weight:bold @ http://localhost:3000/_next/static/chunks/b794d_next_dist_0c19f494._.js:2297
[   14071ms] [LOG] [HMR] connected @ http://localhost:3000/_next/static/chunks/b794d_next_dist_0c19f494._.js:2297
[   14548ms] [ERROR] Failed to load resource: the server responded with a status of 404 (Not Found) @ http://localhost:3000/favicon.ico:0
[   31430ms] [LOG] [Fast Refresh] rebuilding @ http://localhost:3000/_next/static/chunks/b794d_next_dist_0c19f494._.js:2297
[   33937ms] [LOG] [Fast Refresh] done in 2010ms @ http://localhost:3000/_next/static/chunks/b794d_next_dist_0c19f494._.js:2297
[   35398ms] [LOG] [Fast Refresh] rebuilding @ http://localhost:3000/_next/static/chunks/b794d_next_dist_0c19f494._.js:2297
[   35400ms] [LOG] [Fast Refresh] done in 138ms @ http://localhost:3000/_next/static/chunks/b794d_next_dist_0c19f494._.js:2297
[   55835ms] [LOG] [Fast Refresh] rebuilding @ http://localhost:3000/_next/static/chunks/b794d_next_dist_0c19f494._.js:2297
[   58768ms] [LOG] [Fast Refresh] done in 3034ms @ http://localhost:3000/_next/static/chunks/b794d_next_dist_0c19f494._.js:2297
[   58870ms] [LOG] [Fast Refresh] rebuilding @ http://localhost:3000/_next/static/chunks/b794d_next_dist_0c19f494._.js:2297
[   59228ms] [WARNING] Detected `scroll-behavior: smooth` on the `<html>` element. To disable smooth scrolling during route transitions, add `data-scroll-behavior="smooth"` to your <html> element. Learn more: https://nextjs.org/docs/messages/missing-data-scroll-behavior @ http://localhost:3000/_next/static/chunks/b794d_next_dist_0c19f494._.js:2297
[   59261ms] [LOG] [Fast Refresh] done in 493ms @ http://localhost:3000/_next/static/chunks/b794d_next_dist_0c19f494._.js:2297
[  172295ms] [ERROR] WebSocket connection to 'ws://localhost:3000/_next/webpack-hmr?id=BrJbByb2HkP6n6tXMS3i4' failed: Error in connection establishment: net::ERR_CONNECTION_REFUSED @ http://localhost:3000/_next/static/chunks/b794d_next_dist_client_cf7e6a11._.js:10878
[  173299ms] [ERROR] WebSocket connection to 'ws://localhost:3000/_next/webpack-hmr?id=BrJbByb2HkP6n6tXMS3i4' failed: Error in connection establishment: net::ERR_CONNECTION_REFUSED @ http://localhost:3000/_next/static/chunks/b794d_next_dist_client_cf7e6a11._.js:10878
[  174301ms] [ERROR] WebSocket connection to 'ws://localhost:3000/_next/webpack-hmr?id=BrJbByb2HkP6n6tXMS3i4' failed: Error in connection establishment: net::ERR_CONNECTION_REFUSED @ http://localhost:3000/_next/static/chunks/b794d_next_dist_client_cf7e6a11._.js:10878
[  175304ms] [ERROR] WebSocket connection to 'ws://localhost:3000/_next/webpack-hmr?id=BrJbByb2HkP6n6tXMS3i4' failed: Error in connection establishment: net::ERR_CONNECTION_REFUSED @ http://localhost:3000/_next/static/chunks/b794d_next_dist_client_cf7e6a11._.js:10878
[  176307ms] [ERROR] WebSocket connection to 'ws://localhost:3000/_next/webpack-hmr?id=BrJbByb2HkP6n6tXMS3i4' failed: Error in connection establishment: net::ERR_CONNECTION_REFUSED @ http://localhost:3000/_next/static/chunks/b794d_next_dist_client_cf7e6a11._.js:10878
[  181309ms] [ERROR] WebSocket connection to 'ws://localhost:3000/_next/webpack-hmr?id=BrJbByb2HkP6n6tXMS3i4' failed: Error in connection establishment: net::ERR_CONNECTION_REFUSED @ http://localhost:3000/_next/static/chunks/b794d_next_dist_client_cf7e6a11._.js:10878
[  186313ms] [ERROR] WebSocket connection to 'ws://localhost:3000/_next/webpack-hmr?id=BrJbByb2HkP6n6tXMS3i4' failed: Error in connection establishment: net::ERR_CONNECTION_REFUSED @ http://localhost:3000/_next/static/chunks/b794d_next_dist_client_cf7e6a11._.js:10878
[  191316ms] [ERROR] WebSocket connection to 'ws://localhost:3000/_next/webpack-hmr?id=BrJbByb2HkP6n6tXMS3i4' failed: Error in connection establishment: net::ERR_CONNECTION_REFUSED @ http://localhost:3000/_next/static/chunks/b794d_next_dist_client_cf7e6a11._.js:10878
[  196322ms] [ERROR] WebSocket connection to 'ws://localhost:3000/_next/webpack-hmr?id=BrJbByb2HkP6n6tXMS3i4' failed: Error in connection establishment: net::ERR_CONNECTION_REFUSED @ http://localhost:3000/_next/static/chunks/b794d_next_dist_client_cf7e6a11._.js:10878
[  201325ms] [ERROR] WebSocket connection to 'ws://localhost:3000/_next/webpack-hmr?id=BrJbByb2HkP6n6tXMS3i4' failed: Error in connection establishment: net::ERR_CONNECTION_REFUSED @ http://localhost:3000/_next/static/chunks/b794d_next_dist_client_cf7e6a11._.js:10878
[  206329ms] [ERROR] WebSocket connection to 'ws://localhost:3000/_next/webpack-hmr?id=BrJbByb2HkP6n6tXMS3i4' failed: Error in connection establishment: net::ERR_CONNECTION_REFUSED @ http://localhost:3000/_next/static/chunks/b794d_next_dist_client_cf7e6a11._.js:10878
[  211336ms] [ERROR] WebSocket connection to 'ws://localhost:3000/_next/webpack-hmr?id=BrJbByb2HkP6n6tXMS3i4' failed: Error in connection establishment: net::ERR_CONNECTION_REFUSED @ http://localhost:3000/_next/static/chunks/b794d_next_dist_client_cf7e6a11._.js:10878
